
running 0 tests

test result: ok. 0 passed; 0 failed; 0 ignored; 0 measured; 0 filtered out; finished in 0.00s

== build primed (rnd/sov-015 0708b7b) and gwsim ==
== sidecar unit tests ==
OK
== run 1/3: 420s ==
node: /Satoshi:29.4.2/Knots:20260508/ T listens on 127.0.0.1:32829 and [32833, 32834, 32835]
peers: {'P': 4, 'H1': 3, 'H2': 3, 'X': 2, 'T': 2, 'S': 0} height 136
enrolled 6 gateways (v1) with their nodes; the three farm gateways name three ports of T
knots: 420 s + drain, height 141, blocks by ['P', 'P', 'H1', 'H2', 'H2']
sidecar: rounds 28, delivered {'own': 168, 'shared': 28, 'decoy': 28}, delivery_failed 0, foreign twins {'twins': 840, 'in_time': 840, 'late': 0, 'failed': 0}, fees planned 215768 sat, paid 183828 sat
twin ack lag after C was sent (s): {"twins_acked": 840, "median": 0.0019, "p99": 0.0041, "max": 0.0052, "over_max_lag": 0}
canaries: 168 own, 28 shared, 28 decoys; own/shared leaks into pool templates 0; decoys in pool templates 28/28; decoys held by non-pool gateways {'knots-h1': 0, 'knots-h2': 0, 'tfarm-1': 0, 'tfarm-2': 0, 'tfarm-3': 0}; key isolation OK
another gateway's own canary in a gateway's templates (any time): {'knots-h1': 0, 'knots-h2': 0, 'knots-proxy': 0, 'tfarm-1': 56, 'tfarm-2': 55, 'tfarm-3': 55}
primed: shared_sources [['tfarm-1', 'tfarm-2', 'tfarm-3']]; checks_refused 0
| gateway | checks | own hit/due | shared hit/due | decoys carried/due | foreign hit/due | independence | flagged | reasons | shared source with |
|---|---:|---:|---:|---:|---:|---:|---|---|---|
| knots-h1 | 14 | 18/20 | 23/26 | 0/24 | 0/104 | 0.885 | False |  |  |
| knots-h2 | 14 | 19/21 | 23/26 | 0/24 | 0/103 | 0.885 | False |  |  |
| knots-proxy | 14 | 0/21 | 0/26 | 24/24 | 0/103 | 0.0 | True | own-canaries-missed,shared-canaries-missed,decoys-carried |  |
| tfarm-1 | 14 | 18/20 | 23/26 | 0/24 | 38/104 | 0.295 | False | shared-template-source | tfarm-2,tfarm-3 |
| tfarm-2 | 14 | 19/21 | 23/26 | 0/24 | 37/103 | 0.295 | False | shared-template-source | tfarm-1,tfarm-3 |
| tfarm-3 | 14 | 19/21 | 23/26 | 0/24 | 37/103 | 0.295 | False | shared-template-source | tfarm-1,tfarm-2 |
result results/sov-015/foreign-1790384431.json
KNOTS_OK
== run 2/3: 420s ==
node: /Satoshi:29.4.2/Knots:20260508/ T listens on 127.0.0.1:32829 and [32833, 32834, 32835]
peers: {'P': 2, 'H1': 3, 'H2': 3, 'X': 1, 'T': 1, 'S': 0} height 136
enrolled 6 gateways (v1) with their nodes; the three farm gateways name three ports of T
knots: 420 s + drain, height 141, blocks by ['P', 'P', 'P', 'P', 'H2']
sidecar: rounds 28, delivered {'own': 168, 'shared': 28, 'decoy': 28}, delivery_failed 0, foreign twins {'twins': 840, 'in_time': 840, 'late': 0, 'failed': 0}, fees planned 215768 sat, paid 208056 sat
twin ack lag after C was sent (s): {"twins_acked": 840, "median": 0.0019, "p99": 0.0026, "max": 0.0031, "over_max_lag": 0}
canaries: 168 own, 28 shared, 28 decoys; own/shared leaks into pool templates 0; decoys in pool templates 26/28; decoys held by non-pool gateways {'knots-h1': 0, 'knots-h2': 0, 'tfarm-1': 0, 'tfarm-2': 0, 'tfarm-3': 0}; key isolation OK
another gateway's own canary in a gateway's templates (any time): {'knots-h1': 0, 'knots-h2': 0, 'knots-proxy': 0, 'tfarm-1': 54, 'tfarm-2': 54, 'tfarm-3': 54}
primed: shared_sources [['tfarm-1', 'tfarm-2', 'tfarm-3']]; checks_refused 0
| gateway | checks | own hit/due | shared hit/due | decoys carried/due | foreign hit/due | independence | flagged | reasons | shared source with |
|---|---:|---:|---:|---:|---:|---:|---|---|---|
| knots-h1 | 14 | 19/19 | 26/26 | 0/21 | 0/95 | 1.0 | False |  |  |
| knots-h2 | 14 | 19/19 | 26/26 | 0/21 | 0/95 | 1.0 | False |  |  |
| knots-proxy | 14 | 0/20 | 0/26 | 22/22 | 0/100 | 0.0 | True | own-canaries-missed,shared-canaries-missed,decoys-carried |  |
| tfarm-1 | 14 | 19/19 | 26/26 | 0/21 | 38/95 | 0.333 | False | shared-template-source | tfarm-2,tfarm-3 |
| tfarm-2 | 14 | 19/19 | 26/26 | 0/21 | 38/95 | 0.333 | False | shared-template-source | tfarm-1,tfarm-3 |
| tfarm-3 | 14 | 19/19 | 26/26 | 0/21 | 38/95 | 0.333 | False | shared-template-source | tfarm-1,tfarm-2 |
result results/sov-015/foreign-1790384912.json
KNOTS_OK
== run 3/3: 420s ==
node: /Satoshi:29.4.2/Knots:20260508/ T listens on 127.0.0.1:32829 and [32833, 32834, 32835]
peers: {'P': 4, 'H1': 3, 'H2': 3, 'X': 2, 'T': 2, 'S': 0} height 136
enrolled 6 gateways (v1) with their nodes; the three farm gateways name three ports of T
knots: 420 s + drain, height 141, blocks by ['H1', 'P', 'H1', 'P', 'H1']
sidecar: rounds 28, delivered {'own': 168, 'shared': 28, 'decoy': 28}, delivery_failed 0, foreign twins {'twins': 840, 'in_time': 840, 'late': 0, 'failed': 0}, fees planned 215768 sat, paid 176132 sat
twin ack lag after C was sent (s): {"twins_acked": 840, "median": 0.0019, "p99": 0.003, "max": 0.0034, "over_max_lag": 0}
canaries: 168 own, 28 shared, 28 decoys; own/shared leaks into pool templates 0; decoys in pool templates 28/28; decoys held by non-pool gateways {'knots-h1': 0, 'knots-h2': 0, 'tfarm-1': 0, 'tfarm-2': 0, 'tfarm-3': 0}; key isolation OK
another gateway's own canary in a gateway's templates (any time): {'knots-h1': 0, 'knots-h2': 0, 'knots-proxy': 0, 'tfarm-1': 52, 'tfarm-2': 52, 'tfarm-3': 52}
primed: shared_sources [['tfarm-1', 'tfarm-2', 'tfarm-3']]; checks_refused 0
| gateway | checks | own hit/due | shared hit/due | decoys carried/due | foreign hit/due | independence | flagged | reasons | shared source with |
|---|---:|---:|---:|---:|---:|---:|---|---|---|
| knots-h1 | 14 | 20/21 | 24/26 | 0/25 | 0/105 | 0.923 | False |  |  |
| knots-h2 | 14 | 21/22 | 24/26 | 0/26 | 0/110 | 0.923 | False |  |  |
| knots-proxy | 14 | 0/21 | 0/26 | 25/25 | 0/105 | 0.0 | True | own-canaries-missed,shared-canaries-missed,decoys-carried |  |
| tfarm-1 | 14 | 20/21 | 24/26 | 0/25 | 40/105 | 0.308 | False | shared-template-source | tfarm-3,tfarm-2 |
| tfarm-2 | 14 | 20/21 | 24/26 | 0/25 | 40/105 | 0.308 | False | shared-template-source | tfarm-3,tfarm-1 |
| tfarm-3 | 14 | 20/21 | 24/26 | 0/25 | 40/105 | 0.308 | False | shared-template-source | tfarm-2,tfarm-1 |
result results/sov-015/foreign-1790385394.json
KNOTS_OK
== relay-race probe: 20 trials per twin lag (0,0.05,0.25,1,4 s) ==
peers: {'BO': 1, 'A': 2, 'BI': 1} trials: 100
| twin lag (target) | trials | A holds C | BO (A's outbound) holds C | BI (A's inbound) holds C | measured ack lag median / max |
|---:|---:|---:|---:|---:|---:|
| 0 s | 20 | 20/20 | 0/20 | 0/20 | 0.0005 / 0.0008 s |
| 0.05 s | 20 | 20/20 | 0/20 | 0/20 | 0.0504 / 0.0505 s |
| 0.25 s | 20 | 20/20 | 0/20 | 1/20 | 0.2505 / 0.2506 s |
| 1 s | 20 | 20/20 | 0/20 | 2/20 | 1.0005 / 1.0007 s |
| 4 s | 20 | 20/20 | 17/20 | 11/20 | 4.0005 / 4.0006 s |
result results/sov-015/race-1790385541.json
== summary over 3 runs ==
| gateway | flagged runs | clustered runs | own hit/due | foreign hit/due | independence per run | reasons |
|---|---:|---:|---:|---:|---|---|
| knots-h1 | 0/3 | 0/3 | 57/60 | 0/304 | 0.885, 1.0, 0.923 |  |
| knots-h2 | 0/3 | 0/3 | 59/62 | 0/308 | 0.885, 1.0, 0.923 |  |
| tfarm-1 | 0/3 | 3/3 | 57/60 | 116/304 | 0.295, 0.333, 0.308 | shared-template-source |
| tfarm-2 | 0/3 | 3/3 | 58/61 | 115/303 | 0.295, 0.333, 0.308 | shared-template-source |
| tfarm-3 | 0/3 | 3/3 | 58/61 | 115/303 | 0.295, 0.333, 0.308 | shared-template-source |
| knots-proxy | 3/3 | 0/3 | 0/62 | 0/308 | 0.0, 0.0, 0.0 | decoys-carried,own-canaries-missed,shared-canaries-missed |
shared-source clusters per run: [[['tfarm-1', 'tfarm-2', 'tfarm-3']], [['tfarm-1', 'tfarm-2', 'tfarm-3']], [['tfarm-1', 'tfarm-2', 'tfarm-3']]]
twin ack lag per run (s after C was sent): [{'twins_acked': 840, 'median': 0.0019, 'p99': 0.0041, 'max': 0.0052, 'over_max_lag': 0}, {'twins_acked': 840, 'median': 0.0019, 'p99': 0.0026, 'max': 0.0031, 'over_max_lag': 0}, {'twins_acked': 840, 'median': 0.0019, 'p99': 0.003, 'max': 0.0034, 'over_max_lag': 0}]
own/shared leaks: [0, 0, 0]; key isolation: ['OK', 'OK', 'OK']
sidecar per run: [{'rounds': 28, 'delivered': {'own': 168, 'shared': 28, 'decoy': 28}, 'delivery_failed': 0, 'foreign': {'twins': 840, 'in_time': 840, 'late': 0, 'failed': 0}, 'fees_planned': 215768, 'fees_paid': 183828}, {'rounds': 28, 'delivered': {'own': 168, 'shared': 28, 'decoy': 28}, 'delivery_failed': 0, 'foreign': {'twins': 840, 'in_time': 840, 'late': 0, 'failed': 0}, 'fees_planned': 215768, 'fees_paid': 208056}, {'rounds': 28, 'delivered': {'own': 168, 'shared': 28, 'decoy': 28}, 'delivery_failed': 0, 'foreign': {'twins': 840, 'in_time': 840, 'late': 0, 'failed': 0}, 'fees_planned': 215768, 'fees_paid': 176132}]
honest relay-race rate in the demo: 0/612 foreign canaries carried by honest gateways (0.0000)
relay-race probe (an honest node holding C instead of its twin, by twin lag):
  lag 0 s: A's outbound peer 0/20, A's inbound peer 0/20 (ack lag median 0.0005 s)
  lag 0.05 s: A's outbound peer 0/20, A's inbound peer 0/20 (ack lag median 0.0504 s)
  lag 0.25 s: A's outbound peer 0/20, A's inbound peer 1/20 (ack lag median 0.2505 s)
  lag 1 s: A's outbound peer 0/20, A's inbound peer 2/20 (ack lag median 1.0005 s)
  lag 4 s: A's outbound peer 17/20, A's inbound peer 11/20 (ack lag median 4.0005 s)
T-fed gateways clustered 3/3; honest false clusters 0/6; honest flagged 0/6; proxy flagged 3/3
RESULT PASS
scoped miners left: none
exit 0
