== 1. rnd/a2 unit tests (datum-wire authorship + tides sovereignty) ==
0607be2 prime: move the rnd/a2 sketch to the note's LZT1 attestation; weight the bonus by independence
test result: ok. 9 passed; 0 failed; 0 ignored; 0 measured; 64 filtered out; finished in 0.02s
test result: ok. 8 passed; 0 failed; 0 ignored; 0 measured; 36 filtered out; finished in 0.03s
== 2. Rust signs an LZT1 attestation; the Python chain verifier checks it and 13 tampers ==
ok   commitment is 70 bytes, under the RDTS cap of 83: valid (want valid)
ok   attestation verifies: valid (want valid)
ok   with the session key: valid (want valid)
ok   another session key: wrong-key (want wrong-key)
ok   tx order swapped: wrong-template (want wrong-template)
ok   tx dropped: wrong-template (want wrong-template)
ok   another parent: wrong-template (want wrong-template)
ok   another height: wrong-template (want wrong-template)
ok   A lifted onto another payout: wrong-payout (want wrong-payout)
ok   A edited (node_tag): commitment-mismatch (want commitment-mismatch)
ok   signature flipped: bad-signature (want bad-signature)
ok   no commitment: missing (want missing)
ok   two commitments: multiple (want multiple)
ok   commitment carries value: malformed (want malformed)
== 3. Python unit tests ==
OK
== 4. Sovereignty score over real chain data (public explorer, read-only) ==
**Window:** 7.0 d, blocks 972713–974019 (1307 blocks); coinbases scanned for claims: 1307; claims found: 0.

| Pool | Blocks | Gateway-built | Pool-built | Verified | Claimed % | Verified % | **Score** | Builders | Eff. builders | Top builder % | matchRate pool / gw |
|---|---:|---:|---:|---:|---:|---:|---:|---:|---:|---:|---|
| AlphaPool | 453 | 76 | 377 | 0 | 16.8 | 0.0 | **8.4** | 8 | 1.43 | 83.2 | 98 / 96 |
| Lazarus | 333 | 238 | 95 | 0 | 71.5 | 0.0 | **35.7** | 33 | 5.54 | 28.5 | 100 / 98 |
| DxPool | 161 | 1 | 160 | 0 | 0.6 | 0.0 | **0.3** | 2 | 1.01 | 99.4 | 98 / 100 |
| B2Pool | 57 | 1 | 56 | 0 | 1.8 | 0.0 | **0.9** | 2 | 1.04 | 98.2 | 96 / — |
| Bitcoin Xor | 51 | 16 | 35 | 0 | 31.4 | 0.0 | **15.7** | 3 | 1.79 | 68.6 | 97 / 96 |
| CONVOY | 40 | 9 | 31 | 0 | 22.5 | 0.0 | **11.2** | 8 | 1.64 | 77.5 | 96 / 99 |
| PyBLOCK | 30 | 7 | 23 | 0 | 23.3 | 0.0 | **11.7** | 6 | 1.66 | 76.7 | 97 / 89 |
| Quai Network | 27 | 0 | 27 | 0 | 0.0 | 0.0 | **0.0** | 1 | 1.00 | 100.0 | 99 / — |
| Omega Pool | 21 | 3 | 18 | 0 | 14.3 | 0.0 | **7.1** | 3 | 1.34 | 85.7 | 96 / 95 |
| RIPTIDE | 19 | 14 | 5 | 0 | 73.7 | 0.0 | **36.8** | 6 | 4.35 | 31.6 | 100 / 100 |
| Rabid Pool | 15 | 0 | 15 | 0 | 0.0 | 0.0 | **0.0** | 1 | 1.00 | 100.0 | 98 / — |
| Mining-Dutch | 14 | 0 | 14 | 0 | 0.0 | 0.0 | **0.0** | 1 | 1.00 | 100.0 | 98 / — |
| Nutty Maximalist | 13 | 0 | 13 | 0 | 0.0 | 0.0 | **0.0** | 1 | 1.00 | 100.0 | 98 / — |
| Catbus | 11 | 11 | 0 | 0 | 100.0 | 0.0 | **50.0** | 2 | 1.42 | 81.8 | — / 69 |
| PlebMiner | 10 | 0 | 10 | 0 | 0.0 | 0.0 | **0.0** | 1 | 1.00 | 100.0 | 97 / — |
| Pow.re | 6 | 0 | 6 | 0 | 0.0 | 0.0 | **0.0** | 1 | 1.00 | 100.0 | 100 / — |
| *25 more pools* | 46 | 25 | 19 | 0 | 54.3 | 0.0 | 27.2 | | | | |

**Network:** score **15.3**; gateway-built 401/1307 (30.7%), pool-built 904, unattributed 2, verified 0. Pools: 41 (Nakamoto 2, effective 4.84). Template builders: 108 (Nakamoto **4**, effective 8.65).

Top template builders: alphapool/(pool) 377, dxpool/(pool) 160, lazarus/(pool) 95, lazarus/DouPool 88, b2pool/(pool) 56, lazarus/nine009 41, alphapool/Tofu Toes 36, bitcoinxor/(pool) 35, convoy/(pool) 31, lazarus/BTCB2 28, quainetwork/(pool) 27, pyblock/(pool) 23.
**Network:** score **32.1**; gateway-built 99/154 (64.3%), pool-built 53, unattributed 2, verified 0. Pools: 18 (Nakamoto 2, effective 4.85). Template builders: 39 (Nakamoto **7**, effective 15.81).
== 5. RDTS: largest coinbase OP_RETURN Knots 29.4.2 accepts (isolated regtest pair) ==
node: /Satoshi:29.4.2/Knots:20260508/
control coinbase p2pk-35: {'submitblock': 'bad-txns-vout-script-toolarge', 'tip_on_A': False, 'relayed_to_B': False}
control coinbase bare-multisig-37: {'submitblock': 'bad-txns-vout-script-toolarge', 'tip_on_A': False, 'relayed_to_B': False}
coinbase OP_RETURN  70 B: {'submitblock': 'null (accepted)', 'tip_on_A': True, 'relayed_to_B': True}
coinbase OP_RETURN  83 B: {'submitblock': 'null (accepted)', 'tip_on_A': True, 'relayed_to_B': True}
coinbase OP_RETURN  84 B: {'submitblock': 'bad-txns-vout-script-toolarge', 'tip_on_A': False, 'relayed_to_B': False}
== 6. Template-entropy detector on a 4-node regtest network (180 s) ==
360 pool templates, height 143, run 180 s

| Gateway | Snapshots | Identical to pool | Branch sim | Tx-set Jaccard | Switch lag (s) | Lockstep | Incl. lag (s) | Lead | Subset | **Independence** |
|---|---:|---:|---:|---:|---:|---:|---:|---:|---:|---:|
| H1 | 360 | 0.03 | 0.09 | 0.42 | 0.00 | 1.00 | -0.00 | 0.37 | 0.68 | **0.97** |
| H2 | 360 | 0.03 | 0.06 | 0.30 | 0.00 | 1.00 | -0.00 | 0.50 | 0.61 | **0.97** |
| H3 | 360 | 0.03 | 0.07 | 0.35 | 0.00 | 0.91 | -0.00 | 0.38 | 0.66 | **0.97** |
| PROXY | 360 | 1.00 | 1.00 | 1.00 | 0.06 | 1.00 | 0.05 | 0.00 | 1.00 | **0.00** |
| MIMIC | 360 | 0.33 | 0.31 | 0.95 | 0.69 | 0.00 | 0.93 | 0.00 | 1.00 | **0.00** |
| HYBRID | 360 | 0.07 | 0.36 | 0.64 | 0.49 | 0.00 | 0.34 | 0.16 | 0.84 | **0.69** |

clusters (identical >= 80% both ways): [['POOL', 'PROXY'], ['H1'], ['H2'], ['H3'], ['HYBRID'], ['MIMIC']]
== 7. No leftover miners ==
killed nothing
demo OK
